CHECKED_PYTHON results/certificates/bernstein_box_positive.json
CHECKED_PYTHON results/certificates/bernstein_dyadic_zero.json
CHECKED_PYTHON results/certificates/bernstein_one_plus_square.json
CHECKED_PYTHON results/certificates/bernstein_product_centered.json
CHECKED_PYTHON results/certificates/bernstein_quartic_gap.json
CHECKED_PYTHON results/certificates/bernstein_square_gap.json
CHECKED_PYTHON results/certificates/bernstein_sum_centered.json
CHECKED_PYTHON results/certificates/bernstein_unit_product.json
CHECKED_PYTHON results/certificates/cone_box_quartic.json
CHECKED_PYTHON results/certificates/cone_enriched_square.json
CHECKED_PYTHON results/certificates/cone_hypothesis_square.json
CHECKED_PYTHON results/certificates/cone_product_nonnegative.json
CHECKED_PYTHON results/certificates/cone_quadratic_three_terms.json
CHECKED_PYTHON results/certificates/cone_quartic_gap.json
CHECKED_PYTHON results/certificates/cone_quartic_sum.json
CHECKED_PYTHON results/certificates/cone_square_difference.json
CHECKED_PYTHON results/certificates/cone_unit_square_product.json
CHECKED_PYTHON results/certificates/cone_weighted_box.json
CHECKED_PYTHON results/certificates/horn_demand_chain.json
CHECKED_PYTHON results/certificates/induction_sequence.json
CHECKED_PYTHON results/certificates/quadratic_mixed_affine.json
CHECKED_PYTHON results/certificates/quadratic_rational_center.json
CHECKED_PYTHON results/certificates/quadratic_unequal_square.json
CHECKED_PYTHON results/certificates/quadratic_zero.json
