test_boolean_rejected (test_flow.FlowTests.test_boolean_rejected) ... ok
test_budget_does_not_erase_proof (test_flow.FlowTests.test_budget_does_not_erase_proof) ... ok
test_canonical_normalization (test_flow.FlowTests.test_canonical_normalization) ... ok
test_duplicate_rate_rejected (test_flow.FlowTests.test_duplicate_rate_rejected) ... ok
test_enclosure_guards (test_flow.FlowTests.test_enclosure_guards) ... ok
test_exact_derivative (test_flow.FlowTests.test_exact_derivative) ... ok
test_exp_zero_and_inverse (test_flow.FlowTests.test_exp_zero_and_inverse) ... ok
test_external_target_binding (test_flow.FlowTests.test_external_target_binding) ... ok
test_fake_cover_and_endpoint_root (test_flow.FlowTests.test_fake_cover_and_endpoint_root) ... ok
test_float_rejected (test_flow.FlowTests.test_float_rejected) ... ok
test_forged_minimality (test_flow.FlowTests.test_forged_minimality) ... ok
test_malformed_certificates (test_flow.FlowTests.test_malformed_certificates) ... ok
test_minimum_zeros_zero_one_two_three (test_flow.FlowTests.test_minimum_zeros_zero_one_two_three) ... ok
test_negative_point (test_flow.FlowTests.test_negative_point) ... ok
test_nonreduced_rejected (test_flow.FlowTests.test_nonreduced_rejected) ... ok
test_obstruction_is_not_refutation (test_flow.FlowTests.test_obstruction_is_not_refutation) ... ok
test_positive_system_cycle (test_flow.FlowTests.test_positive_system_cycle) ... ok
test_random_bfs_minimality (test_flow.FlowTests.test_random_bfs_minimality) ... ok
test_root_and_wrong_domain (test_flow.FlowTests.test_root_and_wrong_domain) ... ok
test_terminal_corruption (test_flow.FlowTests.test_terminal_corruption) ... ok
test_wrong_anchor_and_direction (test_flow.FlowTests.test_wrong_anchor_and_direction) ... ok
test_zero (test_flow.FlowTests.test_zero) ... ok

----------------------------------------------------------------------
Ran 22 tests in 0.135s

OK
{
  "replayed": {
    "positive": 196,
    "system": 40,
    "negative_point": 44,
    "grammar_obstruction": 8,
    "root": 16
  },
  "discovery_modules_loaded": false
}
{
  "counts": {
    "positive_certificates": 196,
    "system_certificates": 40,
    "negative_point_certificates": 44,
    "true_outside_grammar": 8,
    "root_certificates": 16
  },
  "ablation": {
    "cases": 196,
    "increasing_order_accepted": 196,
    "decreasing_order_accepted": 188,
    "shorter_than_increasing": 124,
    "increasing_steps": 1212,
    "compressed_steps": 288
  },
  "mutations": {
    "ladder_anchor_attempts": 484,
    "ladder_anchor_rejected": 484,
    "system_anchor_attempts": 80,
    "system_anchor_rejected": 80,
    "point_bound_attempts": 44,
    "point_bound_rejected": 44,
    "root_direction_attempts": 16,
    "root_direction_rejected": 16
  }
}
{
  "replayed": {
    "positive": 196,
    "system": 40,
    "negative_point": 44,
    "grammar_obstruction": 8,
    "root": 16
  },
  "discovery_modules_loaded": false
}
