{
  "same_models": 190,
  "identical_bases": 190,
  "mismatches": 0,
  "dense_preimage_fixtures": [
    {
      "dimension": 4,
      "threshold": 20,
      "local_clipping_grid": 194481,
      "local_minimal_predecessors": 1771,
      "eager_status": "unknown",
      "eager_reason": "local predecessor grid exceeds 100000 points",
      "separation_status": "complete",
      "separation_stats": {
        "expansions": 2,
        "grid_points": 0,
        "box_nodes": 2,
        "pred_calls": 4,
        "nodes": 2,
        "basis": 2
      },
      "certificate_bytes": 776
    },
    {
      "dimension": 6,
      "threshold": 60,
      "local_clipping_grid": 51520374361,
      "local_minimal_predecessors": 8259888,
      "eager_status": "unknown",
      "eager_reason": "local predecessor grid exceeds 100000 points",
      "separation_status": "complete",
      "separation_stats": {
        "expansions": 2,
        "grid_points": 0,
        "box_nodes": 2,
        "pred_calls": 4,
        "nodes": 2,
        "basis": 2
      },
      "certificate_bytes": 898
    },
    {
      "dimension": 8,
      "threshold": 100,
      "local_clipping_grid": 10828567056280801,
      "local_minimal_predecessors": 26075972546,
      "eager_status": "unknown",
      "eager_reason": "local predecessor grid exceeds 100000 points",
      "separation_status": "complete",
      "separation_stats": {
        "expansions": 2,
        "grid_points": 0,
        "box_nodes": 2,
        "pred_calls": 4,
        "nodes": 2,
        "basis": 2
      },
      "certificate_bytes": 1063
    }
  ],
  "mutations": [
    {
      "name": "invalid_global_cover",
      "rejected": true,
      "diagnostic": "basis coverage index: out of range"
    },
    {
      "name": "wrong_empty_local_cover",
      "rejected": true,
      "diagnostic": "direct cover does not carry local-minimum indices"
    },
    {
      "name": "bad_direct_split",
      "rejected": true,
      "diagnostic": "bad direct split"
    },
    {
      "name": "false_direct_infeasible",
      "rejected": true,
      "diagnostic": "false direct infeasibility leaf"
    },
    {
      "name": "missing_direct_row",
      "rejected": true,
      "diagnostic": "missing transition/basis closure obligations"
    }
  ],
  "independent_replay": {
    "certificates": 193,
    "returncode": 0,
    "stdout": "SEPARATION_REPLAY_OK\n",
    "search_import_forbidden": true,
    "site_packages_disabled": true
  },
  "interpretation": "An ablation of two delivered Python producers on identical models, not a Lean tactic comparison."
}
