ideal_curve_scaling inductive_ideal_v1 0.0126
ideal_curve_nonlinear inductive_ideal_v1 0.012
ideal_curve_two_branches inductive_ideal_v1 0.0131
ideal_mutual_swap inductive_ideal_v1 0.0092
ideal_guarded_update inductive_ideal_v1 0.0112
ideal_finite_orbit_degree2 inductive_ideal_v1 0.0102
ideal_two_initial_maps inductive_ideal_v1 0.0055
ideal_degree1_miss unknown 0.0018
ideal_false_invariant unknown 0.0059
ideal_random_curve_00 inductive_ideal_v1 0.0313
ideal_random_curve_01 inductive_ideal_v1 0.0264
ideal_random_curve_02 inductive_ideal_v1 0.0275
ideal_random_curve_03 inductive_ideal_v1 0.0269
ideal_random_curve_04 inductive_ideal_v1 0.0228
ideal_random_curve_05 inductive_ideal_v1 0.0221
ideal_random_curve_06 inductive_ideal_v1 0.0239
ideal_random_curve_07 inductive_ideal_v1 0.0246
ideal_random_curve_08 inductive_ideal_v1 0.022
ideal_random_curve_09 inductive_ideal_v1 0.0251
ideal_random_curve_10 inductive_ideal_v1 0.028
ideal_random_curve_11 inductive_ideal_v1 0.022
ideal_random_curve_12 inductive_ideal_v1 0.0251
ideal_random_curve_13 inductive_ideal_v1 0.0224
ideal_random_curve_14 inductive_ideal_v1 0.0248
ideal_random_curve_15 inductive_ideal_v1 0.0221
ideal_random_curve_16 inductive_ideal_v1 0.0204
ideal_random_curve_17 inductive_ideal_v1 0.0263
ideal_random_curve_18 inductive_ideal_v1 0.0238
ideal_random_curve_19 inductive_ideal_v1 0.0215
weighted_subsequence_product weighted_closure_v1 0.0258
weighted_similarity_00 weighted_closure_v1 0.0066
weighted_inequivalent_00 distinguishing_word_v1 0.0011
weighted_similarity_01 weighted_closure_v1 0.0134
weighted_inequivalent_01 distinguishing_word_v1 0.0009
weighted_similarity_02 weighted_closure_v1 0.0202
weighted_inequivalent_02 distinguishing_word_v1 0.0012
weighted_similarity_03 weighted_closure_v1 0.0313
weighted_inequivalent_03 distinguishing_word_v1 0.0016
weighted_similarity_04 weighted_closure_v1 0.0071
weighted_inequivalent_04 distinguishing_word_v1 0.0005
weighted_similarity_05 weighted_closure_v1 0.0123
weighted_inequivalent_05 distinguishing_word_v1 0.0009
weighted_similarity_06 weighted_closure_v1 0.02
weighted_inequivalent_06 distinguishing_word_v1 0.0017
weighted_similarity_07 weighted_closure_v1 0.0303
weighted_inequivalent_07 distinguishing_word_v1 0.0016
weighted_similarity_08 weighted_closure_v1 0.0071
weighted_inequivalent_08 distinguishing_word_v1 0.0005
weighted_similarity_09 weighted_closure_v1 0.012
weighted_inequivalent_09 distinguishing_word_v1 0.0008
weighted_similarity_10 weighted_closure_v1 0.02
weighted_inequivalent_10 distinguishing_word_v1 0.0017
weighted_similarity_11 weighted_closure_v1 0.0345
weighted_inequivalent_11 distinguishing_word_v1 0.0015
weighted_similarity_12 weighted_closure_v1 0.0067
weighted_inequivalent_12 distinguishing_word_v1 0.0005
weighted_similarity_13 weighted_closure_v1 0.013
weighted_inequivalent_13 distinguishing_word_v1 0.001
weighted_similarity_14 weighted_closure_v1 0.0203
weighted_inequivalent_14 distinguishing_word_v1 0.0022
weighted_similarity_15 weighted_closure_v1 0.0371
weighted_inequivalent_15 distinguishing_word_v1 0.0016
weighted_similarity_16 weighted_closure_v1 0.008
weighted_inequivalent_16 distinguishing_word_v1 0.0007
weighted_similarity_17 weighted_closure_v1 0.0131
weighted_inequivalent_17 distinguishing_word_v1 0.0008
weighted_similarity_18 weighted_closure_v1 0.02
weighted_inequivalent_18 distinguishing_word_v1 0.0012
weighted_similarity_19 weighted_closure_v1 0.0311
weighted_inequivalent_19 distinguishing_word_v1 0.0017
weighted_delayed_3 distinguishing_word_v1 0.0005
weighted_delayed_4 distinguishing_word_v1 0.0009
weighted_delayed_5 distinguishing_word_v1 0.0013
weighted_delayed_6 distinguishing_word_v1 0.0018
weighted_delayed_7 distinguishing_word_v1 0.0021
weighted_zero_initial weighted_closure_v1 0.0003
weighted_empty_alphabet weighted_closure_v1 0.0008
telescope_binomial_power_1 binomial_telescoper_v1 0.0034
telescope_binomial_power_2 binomial_telescoper_v1 0.0276
telescope_binomial_power_3 binomial_telescoper_v1 0.2535
telescope_bounded_miss_2 unknown 0.0013
telescope_bounded_miss_3 unknown 0.0335
{
  "ideal": {
    "attempts": 29,
    "outcomes": {
      "inductive_ideal_v1": 27,
      "unknown": 2
    },
    "search_seconds_total": 0.5706642600002851,
    "replay_seconds_total": 0.02580840500013437
  },
  "weighted": {
    "attempts": 48,
    "outcomes": {
      "distinguishing_word_v1": 25,
      "weighted_closure_v1": 23
    },
    "search_seconds_total": 0.4212331119999817,
    "replay_seconds_total": 0.040371731999812255
  },
  "telescoping": {
    "attempts": 5,
    "outcomes": {
      "binomial_telescoper_v1": 3,
      "unknown": 2
    },
    "search_seconds_total": 0.3192550900000697,
    "replay_seconds_total": 0.012206139999989318
  }
}
