scaled_graph_00                linear proved
scaled_graph_00                ideal  proved
scaled_graph_01                linear proved
scaled_graph_01                ideal  proved
scaled_graph_02                linear proved
scaled_graph_02                ideal  proved
scaled_graph_03                linear proved
scaled_graph_03                ideal  proved
scaled_graph_04                linear proved
scaled_graph_04                ideal  proved
scaled_graph_05                linear proved
scaled_graph_05                ideal  proved
scaled_graph_06                linear proved
scaled_graph_06                ideal  proved
scaled_graph_07                linear proved
scaled_graph_07                ideal  proved
coupled_graph_00               linear unknown
coupled_graph_00               ideal  proved
coupled_graph_01               linear unknown
coupled_graph_01               ideal  proved
coupled_graph_02               linear unknown
coupled_graph_02               ideal  proved
coupled_graph_03               linear unknown
coupled_graph_03               ideal  proved
coupled_graph_04               linear unknown
coupled_graph_04               ideal  proved
coupled_graph_05               linear unknown
coupled_graph_05               ideal  proved
coupled_graph_06               linear unknown
coupled_graph_06               ideal  proved
coupled_graph_07               linear unknown
coupled_graph_07               ideal  proved
nonlinear_equivalence_00       linear unknown
nonlinear_equivalence_00       ideal  proved
nonlinear_mutant_00            linear refuted
nonlinear_mutant_00            ideal  refuted
nonlinear_equivalence_01       linear unknown
nonlinear_equivalence_01       ideal  proved
nonlinear_mutant_01            linear refuted
nonlinear_mutant_01            ideal  refuted
nonlinear_equivalence_02       linear unknown
nonlinear_equivalence_02       ideal  proved
nonlinear_mutant_02            linear refuted
nonlinear_mutant_02            ideal  refuted
nonlinear_equivalence_03       linear unknown
nonlinear_equivalence_03       ideal  proved
nonlinear_mutant_03            linear refuted
nonlinear_mutant_03            ideal  refuted
nonlinear_equivalence_04       linear unknown
nonlinear_equivalence_04       ideal  proved
nonlinear_mutant_04            linear refuted
nonlinear_mutant_04            ideal  refuted
nonlinear_equivalence_05       linear unknown
nonlinear_equivalence_05       ideal  proved
nonlinear_mutant_05            linear refuted
nonlinear_mutant_05            ideal  refuted
nonlinear_equivalence_06       linear unknown
nonlinear_equivalence_06       ideal  proved
nonlinear_mutant_06            linear refuted
nonlinear_mutant_06            ideal  refuted
nonlinear_equivalence_07       linear unknown
nonlinear_equivalence_07       ideal  proved
nonlinear_mutant_07            linear refuted
nonlinear_mutant_07            ideal  refuted
affine_equivalence_00          linear proved
affine_equivalence_00          ideal  proved
affine_mutant_00               linear refuted
affine_mutant_00               ideal  refuted
affine_equivalence_01          linear proved
affine_equivalence_01          ideal  proved
affine_mutant_01               linear refuted
affine_mutant_01               ideal  refuted
affine_equivalence_02          linear proved
affine_equivalence_02          ideal  proved
affine_mutant_02               linear refuted
affine_mutant_02               ideal  refuted
affine_equivalence_03          linear proved
affine_equivalence_03          ideal  proved
affine_mutant_03               linear refuted
affine_mutant_03               ideal  refuted
affine_equivalence_04          linear proved
affine_equivalence_04          ideal  proved
affine_mutant_04               linear refuted
affine_mutant_04               ideal  refuted
affine_equivalence_05          linear proved
affine_equivalence_05          ideal  proved
affine_mutant_05               linear refuted
affine_mutant_05               ideal  refuted
affine_equivalence_06          linear proved
affine_equivalence_06          ideal  proved
affine_equivalence_07          linear proved
affine_equivalence_07          ideal  proved
affine_equivalence_08          linear proved
affine_equivalence_08          ideal  proved
affine_equivalence_09          linear proved
affine_equivalence_09          ideal  proved
affine_equivalence_10          linear proved
affine_equivalence_10          ideal  proved
affine_equivalence_11          linear proved
affine_equivalence_11          ideal  proved
control_locations_00           linear proved
control_locations_00           ideal  proved
control_locations_01           linear proved
control_locations_01           ideal  proved
control_locations_02           linear proved
control_locations_02           ideal  proved
control_locations_03           linear proved
control_locations_03           ideal  proved
sampling_trap                  linear refuted
sampling_trap                  ideal  refuted
initial_parameter_trap         linear refuted
initial_parameter_trap         ideal  refuted
simultaneous_swap              linear proved
simultaneous_swap              ideal  proved
two_fresh_inputs               linear proved
two_fresh_inputs               ideal  proved
unreachable_observation        linear proved
unreachable_observation        ideal  proved
rational_scaling               linear proved
rational_scaling               ideal  proved
multiple_targets               linear proved
multiple_targets               ideal  proved
ordered_trace                  linear refuted
ordered_trace                  ideal  refuted
