scaled_graph_00                linear proved
scaled_graph_00                ideal  proved
scaled_graph_01                linear proved
scaled_graph_01                ideal  proved
scaled_graph_02                linear proved
scaled_graph_02                ideal  proved
scaled_graph_03                linear proved
scaled_graph_03                ideal  proved
scaled_graph_04                linear proved
scaled_graph_04                ideal  proved
scaled_graph_05                linear proved
scaled_graph_05                ideal  proved
scaled_graph_06                linear proved
scaled_graph_06                ideal  proved
scaled_graph_07                linear proved
scaled_graph_07                ideal  proved
coupled_graph_00               linear unknown
coupled_graph_00               ideal  proved
coupled_graph_01               linear unknown
coupled_graph_01               ideal  proved
coupled_graph_02               linear unknown
coupled_graph_02               ideal  proved
coupled_graph_03               linear unknown
coupled_graph_03               ideal  proved
coupled_graph_04               linear unknown
coupled_graph_04               ideal  proved
coupled_graph_05               linear unknown
coupled_graph_05               ideal  proved
coupled_graph_06               linear unknown
coupled_graph_06               ideal  proved
coupled_graph_07               linear unknown
coupled_graph_07               ideal  proved
nonlinear_equivalence_00       linear unknown
nonlinear_equivalence_00       ideal  proved
nonlinear_mutant_00            linear refuted
nonlinear_mutant_00            ideal  refuted
nonlinear_equivalence_01       linear unknown
nonlinear_equivalence_01       ideal  proved
nonlinear_mutant_01            linear refuted
nonlinear_mutant_01            ideal  refuted
nonlinear_equivalence_02       linear unknown
nonlinear_equivalence_02       ideal  proved
nonlinear_mutant_02            linear refuted
