This is pdfTeX, Version 3.141592653-2.6-1.40.26 (TeX Live 2025/dev/Debian) (preloaded format=pdflatex)
 restricted \write18 enabled.
entering extended mode
(./forge_extensions.tex
LaTeX2e <2024-11-01> patch level 2
L3 programming layer <2025-01-18>
(/usr/share/texlive/texmf-dist/tex/latex/base/article.cls
Document Class: article 2024/06/29 v1.4n Standard LaTeX document class
(/usr/share/texlive/texmf-dist/tex/latex/base/size11.clo))
(/usr/share/texlive/texmf-dist/tex/latex/base/fontenc.sty)
(/usr/share/texlive/texmf-dist/tex/latex/base/inputenc.sty)
(/usr/share/texmf/tex/latex/lm/lmodern.sty)
(/usr/share/texlive/texmf-dist/tex/latex/microtype/microtype.sty
(/usr/share/texlive/texmf-dist/tex/latex/graphics/keyval.sty)
(/usr/share/texlive/texmf-dist/tex/latex/etoolbox/etoolbox.sty)
(/usr/share/texlive/texmf-dist/tex/latex/microtype/microtype-pdftex.def)
(/usr/share/texlive/texmf-dist/tex/latex/microtype/microtype.cfg))
(/usr/share/texlive/texmf-dist/tex/latex/geometry/geometry.sty
(/usr/share/texlive/texmf-dist/tex/generic/iftex/ifvtex.sty
(/usr/share/texlive/texmf-dist/tex/generic/iftex/iftex.sty)))
(/usr/share/texlive/texmf-dist/tex/latex/amsmath/amsmath.sty
For additional information on amsmath, use the `?' option.
(/usr/share/texlive/texmf-dist/tex/latex/amsmath/amstext.sty
(/usr/share/texlive/texmf-dist/tex/latex/amsmath/amsgen.sty))
(/usr/share/texlive/texmf-dist/tex/latex/amsmath/amsbsy.sty)
(/usr/share/texlive/texmf-dist/tex/latex/amsmath/amsopn.sty))
(/usr/share/texlive/texmf-dist/tex/latex/amsfonts/amssymb.sty
(/usr/share/texlive/texmf-dist/tex/latex/amsfonts/amsfonts.sty))
(/usr/share/texlive/texmf-dist/tex/latex/amscls/amsthm.sty)
(/usr/share/texlive/texmf-dist/tex/latex/mathtools/mathtools.sty
(/usr/share/texlive/texmf-dist/tex/latex/tools/calc.sty)
(/usr/share/texlive/texmf-dist/tex/latex/mathtools/mhsetup.sty))
(/usr/share/texlive/texmf-dist/tex/latex/tools/bm.sty)
(/usr/share/texlive/texmf-dist/tex/latex/booktabs/booktabs.sty)
(/usr/share/texlive/texmf-dist/tex/latex/tools/longtable.sty)
(/usr/share/texlive/texmf-dist/tex/latex/tools/array.sty)
(/usr/share/texlive/texmf-dist/tex/latex/tools/tabularx.sty)
(/usr/share/texlive/texmf-dist/tex/latex/xcolor/xcolor.sty
(/usr/share/texlive/texmf-dist/tex/latex/graphics-cfg/color.cfg)
(/usr/share/texlive/texmf-dist/tex/latex/graphics-def/pdftex.def)
(/usr/share/texlive/texmf-dist/tex/latex/graphics/mathcolor.ltx))
(/usr/share/texlive/texmf-dist/tex/latex/listings/listings.sty
(/usr/share/texlive/texmf-dist/tex/latex/listings/lstpatch.sty)
(/usr/share/texlive/texmf-dist/tex/latex/listings/lstmisc.sty)
(/usr/share/texlive/texmf-dist/tex/latex/listings/listings.cfg))
(/usr/share/texlive/texmf-dist/tex/latex/enumitem/enumitem.sty)
(/usr/share/texlive/texmf-dist/tex/latex/fancyhdr/fancyhdr.sty)
(/usr/share/texlive/texmf-dist/tex/latex/url/url.sty)
(/usr/share/texlive/texmf-dist/tex/latex/hyperref/hyperref.sty
(/usr/share/texlive/texmf-dist/tex/latex/kvsetkeys/kvsetkeys.sty)
(/usr/share/texlive/texmf-dist/tex/generic/kvdefinekeys/kvdefinekeys.sty)
(/usr/share/texlive/texmf-dist/tex/generic/pdfescape/pdfescape.sty
(/usr/share/texlive/texmf-dist/tex/generic/ltxcmds/ltxcmds.sty)
(/usr/share/texlive/texmf-dist/tex/generic/pdftexcmds/pdftexcmds.sty
(/usr/share/texlive/texmf-dist/tex/generic/infwarerr/infwarerr.sty)))
(/usr/share/texlive/texmf-dist/tex/latex/hycolor/hycolor.sty)
(/usr/share/texlive/texmf-dist/tex/latex/hyperref/nameref.sty
(/usr/share/texlive/texmf-dist/tex/latex/refcount/refcount.sty)
(/usr/share/texlive/texmf-dist/tex/generic/gettitlestring/gettitlestring.sty
(/usr/share/texlive/texmf-dist/tex/latex/kvoptions/kvoptions.sty)))
(/usr/share/texlive/texmf-dist/tex/generic/stringenc/stringenc.sty)
(/usr/share/texlive/texmf-dist/tex/latex/hyperref/pd1enc.def)
(/usr/share/texlive/texmf-dist/tex/generic/intcalc/intcalc.sty)
(/usr/share/texlive/texmf-dist/tex/latex/hyperref/puenc.def)
(/usr/share/texlive/texmf-dist/tex/generic/bitset/bitset.sty
(/usr/share/texlive/texmf-dist/tex/generic/bigintcalc/bigintcalc.sty))
(/usr/share/texlive/texmf-dist/tex/latex/base/atbegshi-ltx.sty))
(/usr/share/texlive/texmf-dist/tex/latex/hyperref/hpdftex.def
(/usr/share/texlive/texmf-dist/tex/latex/base/atveryend-ltx.sty)
(/usr/share/texlive/texmf-dist/tex/latex/rerunfilecheck/rerunfilecheck.sty
(/usr/share/texlive/texmf-dist/tex/generic/uniquecounter/uniquecounter.sty)))
(/usr/share/texlive/texmf-dist/tex/latex/bookmark/bookmark.sty
(/usr/share/texlive/texmf-dist/tex/latex/bookmark/bkm-pdftex.def))
(/usr/share/texlive/texmf-dist/tex/latex/needspace/needspace.sty)
(/usr/share/texmf/tex/latex/lm/t1lmr.fd)
(/usr/share/texlive/texmf-dist/tex/latex/l3backend/l3backend-pdftex.def)
(/tmp/forge-article-rko4a9m5/forge_extensions.aux)
(/usr/share/texlive/texmf-dist/tex/latex/microtype/mt-cmr.cfg)
*geometry* driver: auto-detecting
*geometry* detected driver: pdftex
(/usr/share/texlive/texmf-dist/tex/latex/graphics/graphicx.sty
(/usr/share/texlive/texmf-dist/tex/latex/graphics/graphics.sty
(/usr/share/texlive/texmf-dist/tex/latex/graphics/trig.sty)
(/usr/share/texlive/texmf-dist/tex/latex/graphics-cfg/graphics.cfg)))
(/usr/share/texlive/texmf-dist/tex/context/base/mkii/supp-pdf.mkii
[Loading MPS to PDF converter (version 2006.09.02).]
) (/usr/share/texlive/texmf-dist/tex/latex/epstopdf-pkg/epstopdf-base.sty
(/usr/share/texlive/texmf-dist/tex/latex/latexconfig/epstopdf-sys.cfg))
(/usr/share/texmf/tex/latex/lm/t1lmss.fd)
(/usr/share/texmf/tex/latex/lm/t1lmtt.fd)
(/usr/share/texmf/tex/latex/lm/ot1lmr.fd)
(/usr/share/texmf/tex/latex/lm/omllmm.fd)
(/usr/share/texmf/tex/latex/lm/omslmsy.fd)
(/usr/share/texmf/tex/latex/lm/omxlmex.fd)
(/usr/share/texlive/texmf-dist/tex/latex/amsfonts/umsa.fd)
(/usr/share/texlive/texmf-dist/tex/latex/microtype/mt-msa.cfg)
(/usr/share/texlive/texmf-dist/tex/latex/amsfonts/umsb.fd)
(/usr/share/texlive/texmf-dist/tex/latex/microtype/mt-msb.cfg)
[1{/var/lib/texmf/fonts/map/pdftex/updmap/pdftex.map}{/usr/share/texmf/fonts/en
c/dvips/lm/lm-ec.enc}] (/tmp/forge-article-rko4a9m5/forge_extensions.toc)

pdfTeX warning (ext4): destination with the same identifier (name{page.1}) has 
been already used, duplicate ignored
<to be read again> 
                   \relax 
l.99 \newpage
              [1] (./01-scope.tex
[2{/usr/share/texmf/fonts/enc/dvips/lm/lm-mathit.enc}{/usr/share/texmf/fonts/en
c/dvips/lm/lm-rm.enc}{/usr/share/texmf/fonts/enc/dvips/lm/lm-mathex.enc}])
(./02-observable.tex
[3{/usr/share/texmf/fonts/enc/dvips/lm/lm-mathsy.enc}]
[4]
[5]) (./03-ideals.tex
[6]
[7]
[8]
[9]
[10]) (./04-summation.tex
[11]
[12]
[13] (./recurrences.tex
[14])) (./05-integration.tex
[15]
[16]
[17]) (./06-evaluation.tex
[18] (./metrics.tex)
[19]
[20]) (./07-roadmap.tex
[21]
[22]
[23])
[24] (./08-appendices.tex
[25] (/usr/share/texlive/texmf-dist/tex/latex/listings/lstlang1.sty) [26])
(./references.tex
Underfull \hbox (badness 10000) in paragraph at lines 6--9
[]\T1/lmr/m/n/10 (+20) Vladimir Reshet-nikov, \T1/lmr/m/it/10 (+20) Forge\T1/lm
r/m/n/10 (+20) , repos-i-tory README, snap-shot

Underfull \hbox (badness 10000) in paragraph at lines 6--9
\T1/lmtt/m/n/10 com / VladimirReshetnikov / Forge / blob / 674521027d968d59f7b8
3220ed52304a85cb55e2 / README .

Underfull \hbox (badness 10000) in paragraph at lines 20--22
[]\T1/lmr/m/n/10 (+20) Forge, \T1/lmr/m/it/10 (+20) Prove-nance: what came from
 where\T1/lmr/m/n/10 (+20) , same snap-shot. [][]$\T1/lmtt/m/n/10 https : / / g
ithub . com /

Underfull \hbox (badness 10000) in paragraph at lines 20--22
\T1/lmtt/m/n/10 VladimirReshetnikov / Forge / blob / 674521027d968d59f7b83220ed
52304a85cb55e2 / article /

Underfull \hbox (badness 10000) in paragraph at lines 24--26
[]\T1/lmr/m/n/10 (+20) Forge, \T1/lmr/m/it/10 (+20) Cer-tifi-cate-Spec and log-
i-cal con-tracts\T1/lmr/m/n/10 (+20) , same snap-shot. [][]$\T1/lmtt/m/n/10 htt
ps : / / github . com /

Underfull \hbox (badness 10000) in paragraph at lines 24--26
\T1/lmtt/m/n/10 VladimirReshetnikov / Forge / blob / 674521027d968d59f7b83220ed
52304a85cb55e2 / lean /

[27]
Underfull \hbox (badness 10000) in paragraph at lines 28--31
\T1/lmr/m/n/10 (+20) re-viewed 15 Septem-ber 2026. [][]$\T1/lmtt/m/n/10 https :
 / / github . com / VladimirReshetnikov / Leant / blob /

Underfull \hbox (badness 10000) in paragraph at lines 33--35
[]\T1/lmr/m/n/10 (+20) Leant, \T1/lmr/m/it/10 (+20) Be-hav-ioral as-ser-tions d
ur-ing syn-the-sis\T1/lmr/m/n/10 (+20) , same snap-shot. [][]$\T1/lmtt/m/n/10 h
ttps : / / github . com /

Underfull \hbox (badness 10000) in paragraph at lines 33--35
\T1/lmtt/m/n/10 VladimirReshetnikov / Leant / blob / 6bf05ad78c467989e68290f2d0
8bbed40802d485 / docs /

Underfull \hbox (badness 10000) in paragraph at lines 37--40
\T1/lmr/m/n/10 (+20) re-viewed 15 Septem-ber 2026. [][]$\T1/lmtt/m/n/10 https :
 / / github . com / VladimirReshetnikov / Djex / blob /

Underfull \hbox (badness 10000) in paragraph at lines 75--78
\T1/lmtt/m/n/10 sympy.concrete.gosper.gosper_sum\T1/lmr/m/n/10 (+20) . [][]$\T1
/lmtt/m/n/10 https : / / docs . sympy . org / latest / modules / concrete .

Underfull \hbox (badness 10000) in paragraph at lines 86--90
\T1/lmtt/m/n/10 community / mathlib4 / blob / 1cf325a0cf67aca2b04d76b5380ff6a9e
410aefa / Mathlib / Algebra /

Underfull \hbox (badness 10000) in paragraph at lines 92--95
[]\T1/lmr/m/n/10 (+20) Mathlib con-trib-u-tors, \T1/lmr/m/it/10 (+20) Ma-trix m
ul-ti-pli-ca-tion\T1/lmr/m/n/10 (+20) , $\T1/lmtt/m/n/10 Mathlib / Data / Matri
x / Mul . lean$\T1/lmr/m/n/10 (+20) ,

Underfull \hbox (badness 10000) in paragraph at lines 92--95
\T1/lmr/m/n/10 (+20) same re-vi-sion. [][]$\T1/lmtt/m/n/10 https : / / github .
 com / leanprover -[] community / mathlib4 / blob /

Underfull \hbox (badness 10000) in paragraph at lines 97--100
[]\T1/lmr/m/n/10 (+20) Mathlib con-trib-u-tors, \T1/lmr/m/it/10 (+20) Bi-no-mia
l co-ef-fi-cients\T1/lmr/m/n/10 (+20) , $\T1/lmtt/m/n/10 Mathlib / Data / Nat /
 Choose / Basic .

Underfull \hbox (badness 10000) in paragraph at lines 97--100
\T1/lmtt/m/n/10 lean$\T1/lmr/m/n/10 (+20) , same re-vi-sion. [][]$\T1/lmtt/m/n/
10 https : / / github . com / leanprover -[] community / mathlib4 / blob /
)
[28] (/tmp/forge-article-rko4a9m5/forge_extensions.aux) )
(see the transcript file for additional information)</usr/share/texmf/fonts/typ
e1/public/lm/lmbx10.pfb></usr/share/texmf/fonts/type1/public/lm/lmbx12.pfb></us
r/share/texmf/fonts/type1/public/lm/lmcsc10.pfb></usr/share/texmf/fonts/type1/p
ublic/lm/lmex10.pfb></usr/share/texmf/fonts/type1/public/lm/lmmi10.pfb></usr/sh
are/texmf/fonts/type1/public/lm/lmmi6.pfb></usr/share/texmf/fonts/type1/public/
lm/lmmi8.pfb></usr/share/texmf/fonts/type1/public/lm/lmr10.pfb></usr/share/texm
f/fonts/type1/public/lm/lmr12.pfb></usr/share/texmf/fonts/type1/public/lm/lmr17
.pfb></usr/share/texmf/fonts/type1/public/lm/lmr6.pfb></usr/share/texmf/fonts/t
ype1/public/lm/lmr7.pfb></usr/share/texmf/fonts/type1/public/lm/lmr8.pfb></usr/
share/texmf/fonts/type1/public/lm/lmri10.pfb></usr/share/texmf/fonts/type1/publ
ic/lm/lmss12.pfb></usr/share/texmf/fonts/type1/public/lm/lmsy10.pfb></usr/share
/texmf/fonts/type1/public/lm/lmsy8.pfb></usr/share/texmf/fonts/type1/public/lm/
lmtk10.pfb></usr/share/texmf/fonts/type1/public/lm/lmtt10.pfb></usr/share/texli
ve/texmf-dist/fonts/type1/public/amsfonts/symbols/msam10.pfb></usr/share/texliv
e/texmf-dist/fonts/type1/public/amsfonts/symbols/msbm10.pfb>
Output written on /tmp/forge-article-rko4a9m5/forge_extensions.pdf (29 pages, 5
08821 bytes).
Transcript written on /tmp/forge-article-rko4a9m5/forge_extensions.log.
