PASS ideal_cassini.json
PASS ideal_chain_d3.json
PASS ideal_chain_d4.json
PASS ideal_chain_d5.json
PASS ideal_mutual_squares.json
PASS ideal_product_scale1.json
PASS ideal_product_scale2.json
PASS ideal_product_scale3.json
PASS ideal_product_scale5.json
PASS linear_equivalence_d2.json
PASS linear_equivalence_d3.json
PASS linear_equivalence_d4.json
PASS linear_equivalence_d5.json
PASS linear_invariant_d2_0.json
PASS linear_invariant_d2_1.json
PASS linear_invariant_d2_2.json
PASS linear_invariant_d3_0.json
PASS linear_invariant_d3_1.json
PASS linear_invariant_d3_2.json
PASS linear_invariant_d4_0.json
PASS linear_invariant_d4_1.json
PASS linear_invariant_d4_2.json
PASS linear_invariant_d5_0.json
PASS linear_invariant_d5_1.json
PASS linear_invariant_d5_2.json
PASS linear_invariant_d6_0.json
PASS linear_invariant_d6_1.json
PASS linear_invariant_d6_2.json
PASS linear_invariant_d7_0.json
PASS linear_invariant_d7_1.json
PASS linear_invariant_d7_2.json
PASS sum_binomial_m1_moment0.json
PASS sum_binomial_m1_moment1.json
PASS sum_binomial_m1_moment2.json
PASS sum_binomial_m1_moment3.json
PASS sum_binomial_m2_moment0.json
PASS sum_binomial_m2_moment1.json
PASS sum_binomial_m2_moment2.json
PASS ideal_cassini_mutant.json
PASS ideal_mutant_initial.json
PASS ideal_mutant_update.json
PASS linear_late_error_d2.json
PASS linear_late_error_d3.json
PASS linear_late_error_d4.json
PASS linear_late_error_d5.json
PASS linear_late_error_d6.json
PASS linear_late_error_d7.json
PASS linear_late_error_d8.json
PASS linear_random_false_0.json
PASS linear_random_false_1.json
PASS linear_random_false_2.json
PASS linear_random_false_3.json
PASS linear_random_false_4.json
PASS linear_random_false_5.json
PASS linear_word_order.json
{"checked": 55, "failed": [], "site_packages_enabled": false}
